exports[`components:Category: renders without crashing 1`] = `
<a
  className="list-group-item"
  onClick={[Function]}
  style={Object {}}>
  <h4
    className="list-group-item-heading truncate">
    Fast food
  </h4>
  <p
    className="list-group-item-text truncate">
    Some fast food
  </p>
</a>
`;
